Pb208  BigApple   J= 26.5 L=  58.8  skin=0.1747  conv=True
Pb208  BigApple   J= 26.5 L=  82.5  skin=0.1999  conv=True
Pb208  BigApple   J= 26.5 L= 106.2  skin=0.1956  conv=True
Pb208  BigApple   J= 26.5 L= 130.0  skin=0.1955  conv=True
Pb208  BigApple   J= 31.0 L=  35.0  skin=0.1267  conv=True
Pb208  BigApple   J= 31.0 L=  58.8  skin=0.2029  conv=True
Pb208  BigApple   J= 31.0 L=  82.5  skin=0.2294  conv=True
Pb208  BigApple   J= 31.0 L= 106.2  skin=0.2299  conv=True
Pb208  BigApple   J= 31.0 L= 130.0  skin=0.2334  conv=True
Pb208  BigApple   J= 35.5 L=  35.0  skin=0.1646  conv=True
Pb208  BigApple   J= 35.5 L=  58.8  skin=0.2289  conv=True
Pb208  BigApple   J= 35.5 L=  82.5  skin=0.2545  conv=True
Pb208  BigApple   J= 35.5 L= 106.2  skin=0.2685  conv=True
Pb208  BigApple   J= 35.5 L= 130.0  skin=0.2634  conv=True
Pb208  BigApple   J= 40.0 L=  35.0  skin=0.2022  conv=True
Pb208  BigApple   J= 40.0 L=  58.8  skin=0.2541  conv=True
Pb208  BigApple   J= 40.0 L=  82.5  skin=0.2779  conv=True
Pb208  BigApple   J= 40.0 L= 106.2  skin=0.2924  conv=True
Pb208  BigApple   J= 40.0 L= 130.0  skin=0.2890  conv=True
Pb208  BigApple   J= 43.0 L=  35.0  skin=0.2256  conv=True
Pb208  BigApple   J= 43.0 L=  58.8  skin=0.2598  conv=True
Pb208  BigApple   J= 43.0 L=  82.5  skin=0.2932  conv=True
Pb208  BigApple   J= 43.0 L= 106.2  skin=0.3076  conv=True
Pb208  BigApple   J= 43.0 L= 130.0  skin=0.3047  conv=True
Pb208  FSUGarnet  J= 26.5 L=  50.0  skin=0.1149  conv=True
Pb208  FSUGarnet  J= 26.5 L=  70.0  skin=0.1890  conv=True
Pb208  FSUGarnet  J= 26.5 L=  90.0  skin=0.2057  conv=True
Pb208  FSUGarnet  J= 26.5 L= 110.0  skin=0.2112  conv=True
Pb208  FSUGarnet  J= 26.5 L= 130.0  skin=0.2120  conv=True
Pb208  FSUGarnet  J= 31.0 L=  50.0  skin=0.1584  conv=True
Pb208  FSUGarnet  J= 31.0 L=  70.0  skin=0.2187  conv=True
Pb208  FSUGarnet  J= 31.0 L=  90.0  skin=0.2407  conv=True
Pb208  FSUGarnet  J= 31.0 L= 110.0  skin=0.2454  conv=True
Pb208  FSUGarnet  J= 31.0 L= 130.0  skin=0.2503  conv=True
Pb208  FSUGarnet  J= 35.5 L=  50.0  skin=0.1891  conv=True
Pb208  FSUGarnet  J= 35.5 L=  70.0  skin=0.2345  conv=True
Pb208  FSUGarnet  J= 35.5 L=  90.0  skin=0.2644  conv=True
Pb208  FSUGarnet  J= 35.5 L= 110.0  skin=0.2775  conv=True
Pb208  FSUGarnet  J= 35.5 L= 130.0  skin=0.2793  conv=True
Pb208  FSUGarnet  J= 40.0 L=  50.0  skin=0.2171  conv=True
Pb208  FSUGarnet  J= 40.0 L=  70.0  skin=0.2612  conv=True
Pb208  FSUGarnet  J= 40.0 L=  90.0  skin=0.2856  conv=True
Pb208  FSUGarnet  J= 40.0 L= 110.0  skin=0.3003  conv=True
Pb208  FSUGarnet  J= 40.0 L= 130.0  skin=0.3033  conv=True
Pb208  FSUGarnet  J= 43.0 L=  50.0  skin=0.2315  conv=True
Pb208  FSUGarnet  J= 43.0 L=  70.0  skin=0.2757  conv=True
Pb208  FSUGarnet  J= 43.0 L=  90.0  skin=0.2994  conv=True
Pb208  FSUGarnet  J= 43.0 L= 110.0  skin=0.3145  conv=True
Pb208  FSUGarnet  J= 43.0 L= 130.0  skin=0.3243  conv=True
Pb208  IOPB-I     J= 26.5 L=  45.0  skin=0.1090  conv=True
Pb208  IOPB-I     J= 26.5 L=  66.2  skin=0.1912  conv=True
Pb208  IOPB-I     J= 26.5 L=  87.5  skin=0.2094  conv=True
Pb208  IOPB-I     J= 26.5 L= 108.8  skin=0.2151  conv=True
Pb208  IOPB-I     J= 26.5 L= 130.0  skin=0.2161  conv=True
Pb208  IOPB-I     J= 31.0 L=  45.0  skin=0.1559  conv=True
Pb208  IOPB-I     J= 31.0 L=  66.2  skin=0.2162  conv=True
Pb208  IOPB-I     J= 31.0 L=  87.5  skin=0.2392  conv=True
Pb208  IOPB-I     J= 31.0 L= 108.8  skin=0.2498  conv=True
Pb208  IOPB-I     J= 31.0 L= 130.0  skin=0.2546  conv=True
Pb208  IOPB-I     J= 35.5 L=  45.0  skin=0.1889  conv=True
Pb208  IOPB-I     J= 35.5 L=  66.2  skin=0.2391  conv=True
Pb208  IOPB-I     J= 35.5 L=  87.5  skin=0.2635  conv=True
Pb208  IOPB-I     J= 35.5 L= 108.8  skin=0.2769  conv=True
Pb208  IOPB-I     J= 35.5 L= 130.0  skin=0.2845  conv=True
Pb208  IOPB-I     J= 40.0 L=  45.0  skin=0.2186  conv=True
Pb208  IOPB-I     J= 40.0 L=  66.2  skin=0.2615  conv=True
Pb208  IOPB-I     J= 40.0 L=  87.5  skin=0.2856  conv=True
Pb208  IOPB-I     J= 40.0 L= 108.8  skin=0.3003  conv=True
Pb208  IOPB-I     J= 40.0 L= 130.0  skin=0.3094  conv=True
Pb208  IOPB-I     J= 43.0 L=  45.0  skin=0.2384  conv=True
Pb208  IOPB-I     J= 43.0 L=  66.2  skin=0.2769  conv=True
Pb208  IOPB-I     J= 43.0 L=  87.5  skin=0.3001  conv=True
Pb208  IOPB-I     J= 43.0 L= 108.8  skin=0.3149  conv=True
Pb208  IOPB-I     J= 43.0 L= 130.0  skin=0.3247  conv=True
Ca48   BigApple   J= 26.5 L=  58.8  skin=0.1813  conv=True
Ca48   BigApple   J= 26.5 L=  82.5  skin=0.1917  conv=True
Ca48   BigApple   J= 26.5 L= 106.2  skin=0.1889  conv=True
Ca48   BigApple   J= 26.5 L= 130.0  skin=0.1937  conv=True
Ca48   BigApple   J= 31.0 L=  35.0  skin=0.1556  conv=True
Ca48   BigApple   J= 31.0 L=  58.8  skin=0.1952  conv=True
Ca48   BigApple   J= 31.0 L=  82.5  skin=0.1987  conv=True
Ca48   BigApple   J= 31.0 L= 106.2  skin=0.2042  conv=True
Ca48   BigApple   J= 31.0 L= 130.0  skin=0.2132  conv=True
Ca48   BigApple   J= 35.5 L=  35.0  skin=0.1833  conv=True
Ca48   BigApple   J= 35.5 L=  58.8  skin=0.2003  conv=True
Ca48   BigApple   J= 35.5 L=  82.5  skin=0.2120  conv=True
Ca48   BigApple   J= 35.5 L= 106.2  skin=0.2273  conv=True
Ca48   BigApple   J= 35.5 L= 130.0  skin=0.2209  conv=True
Ca48   BigApple   J= 40.0 L=  35.0  skin=0.2034  conv=True
Ca48   BigApple   J= 40.0 L=  58.8  skin=0.2145  conv=True
Ca48   BigApple   J= 40.0 L=  82.5  skin=0.2250  conv=True
Ca48   BigApple   J= 40.0 L= 106.2  skin=0.2305  conv=True
Ca48   BigApple   J= 40.0 L= 130.0  skin=0.2394  conv=True
Ca48   BigApple   J= 43.0 L=  35.0  skin=0.2154  conv=True
Ca48   BigApple   J= 43.0 L=  58.8  skin=0.2238  conv=True
Ca48   BigApple   J= 43.0 L=  82.5  skin=0.2335  conv=True
Ca48   BigApple   J= 43.0 L= 106.2  skin=0.2388  conv=True
Ca48   BigApple   J= 43.0 L= 130.0  skin=0.2477  conv=True
Ca48   FSUGarnet  J= 26.5 L=  50.0  skin=0.1415  conv=True
Ca48   FSUGarnet  J= 26.5 L=  70.0  skin=0.1841  conv=True
Ca48   FSUGarnet  J= 26.5 L=  90.0  skin=0.1926  conv=True
Ca48   FSUGarnet  J= 26.5 L= 110.0  skin=0.1968  conv=True
Ca48   FSUGarnet  J= 26.5 L= 130.0  skin=0.1988  conv=True
Ca48   FSUGarnet  J= 31.0 L=  50.0  skin=0.1630  conv=True
Ca48   FSUGarnet  J= 31.0 L=  70.0  skin=0.1953  conv=True
Ca48   FSUGarnet  J= 31.0 L=  90.0  skin=0.2065  conv=True
Ca48   FSUGarnet  J= 31.0 L= 110.0  skin=0.2118  conv=True
Ca48   FSUGarnet  J= 31.0 L= 130.0  skin=0.2152  conv=True
Ca48   FSUGarnet  J= 35.5 L=  50.0  skin=0.1792  conv=True
Ca48   FSUGarnet  J= 35.5 L=  70.0  skin=0.2061  conv=True
Ca48   FSUGarnet  J= 35.5 L=  90.0  skin=0.2181  conv=True
Ca48   FSUGarnet  J= 35.5 L= 110.0  skin=0.2252  conv=True
Ca48   FSUGarnet  J= 35.5 L= 130.0  skin=0.2290  conv=True
Ca48   FSUGarnet  J= 40.0 L=  50.0  skin=0.1939  conv=True
Ca48   FSUGarnet  J= 40.0 L=  70.0  skin=0.2171  conv=True
Ca48   FSUGarnet  J= 40.0 L=  90.0  skin=0.2292  conv=True
Ca48   FSUGarnet  J= 40.0 L= 110.0  skin=0.2374  conv=True
Ca48   FSUGarnet  J= 40.0 L= 130.0  skin=0.2416  conv=True
Ca48   FSUGarnet  J= 43.0 L=  50.0  skin=0.2035  conv=True
Ca48   FSUGarnet  J= 43.0 L=  70.0  skin=0.2247  conv=True
Ca48   FSUGarnet  J= 43.0 L=  90.0  skin=0.2364  conv=True
Ca48   FSUGarnet  J= 43.0 L= 110.0  skin=0.2453  conv=True
Ca48   FSUGarnet  J= 43.0 L= 130.0  skin=0.2495  conv=True
Ca48   IOPB-I     J= 26.5 L=  45.0  skin=0.1401  conv=True
Ca48   IOPB-I     J= 26.5 L=  66.2  skin=0.1827  conv=True
Ca48   IOPB-I     J= 26.5 L=  87.5  skin=0.1931  conv=True
Ca48   IOPB-I     J= 26.5 L= 108.8  skin=0.1982  conv=True
Ca48   IOPB-I     J= 26.5 L= 130.0  skin=0.2008  conv=True
Ca48   IOPB-I     J= 31.0 L=  45.0  skin=0.1654  conv=True
Ca48   IOPB-I     J= 31.0 L=  66.2  skin=0.1944  conv=True
Ca48   IOPB-I     J= 31.0 L=  87.5  skin=0.2066  conv=True
Ca48   IOPB-I     J= 31.0 L= 108.8  skin=0.2131  conv=True
Ca48   IOPB-I     J= 31.0 L= 130.0  skin=0.2167  conv=True
Ca48   IOPB-I     J= 35.5 L=  45.0  skin=0.1829  conv=True
Ca48   IOPB-I     J= 35.5 L=  66.2  skin=0.2060  conv=True
Ca48   IOPB-I     J= 35.5 L=  87.5  skin=0.2184  conv=True
Ca48   IOPB-I     J= 35.5 L= 108.8  skin=0.2269  conv=True
Ca48   IOPB-I     J= 35.5 L= 130.0  skin=0.2308  conv=True
Ca48   IOPB-I     J= 40.0 L=  45.0  skin=0.1947  conv=True
Ca48   IOPB-I     J= 40.0 L=  66.2  skin=0.2177  conv=True
Ca48   IOPB-I     J= 40.0 L=  87.5  skin=0.2298  conv=True
Ca48   IOPB-I     J= 40.0 L= 108.8  skin=0.2372  conv=True
Ca48   IOPB-I     J= 40.0 L= 130.0  skin=0.2419  conv=True
Ca48   IOPB-I     J= 43.0 L=  45.0  skin=0.2049  conv=True
Ca48   IOPB-I     J= 43.0 L=  66.2  skin=0.2256  conv=True
Ca48   IOPB-I     J= 43.0 L=  87.5  skin=0.2374  conv=True
Ca48   IOPB-I     J= 43.0 L= 108.8  skin=0.2447  conv=True
Ca48   IOPB-I     J= 43.0 L= 130.0  skin=0.2494  conv=True

--- Pb208 : DR_np = a + b L + c J ---
  BigApple   a=-0.05164  b=+0.000867 /MeV  c=+0.006040 /MeV   rms resid = 0.01751 fm   max = 0.03929 fm  (n=24)
  FSUGarnet  a=-0.06877  b=+0.001086 /MeV  c=+0.006113 /MeV   rms resid = 0.01487 fm   max = 0.03266 fm  (n=25)
  IOPB-I     a=-0.06405  b=+0.001063 /MeV  c=+0.006155 /MeV   rms resid = 0.01481 fm   max = 0.03786 fm  (n=25)

--- Ca48 : DR_np = a + b L + c J ---
  BigApple   a=+0.07123  b=+0.000389 /MeV  c=+0.002977 /MeV   rms resid = 0.00641 fm   max = 0.02149 fm  (n=24)
  FSUGarnet  a=+0.05222  b=+0.000595 /MeV  c=+0.002952 /MeV   rms resid = 0.00756 fm   max = 0.01872 fm  (n=25)
  IOPB-I     a=+0.05717  b=+0.000562 /MeV  c=+0.002956 /MeV   rms resid = 0.00726 fm   max = 0.02071 fm  (n=25)
